192.168.1.51 - - [24/Sep/2012:09:44:37 +0200] "GET /stages/Listestage.php HTTP/1.1" 200 74699 "http://intranet-if.insa-lyon.fr/SiteWebIF/Intranet-etudiant.php" "Mozilla/5.0 (Macintosh; Intel Mac OS X 10_6_8) AppleWebKit/537.1 (KHTML, like Gecko) Chrome/21.0.1180.89 Safari/537.1"
192.168.1.51 - - [24/Sep/2012:09:45:10 +0200] "GET /temps/3IF39.html HTTP/1.1" 304 - "http://intranet-if.insa-lyon.fr/temps/" "Mozilla/5.0 (Macintosh; Intel Mac OS X 10_6_8) AppleWebKit/537.1 (KHTML, like Gecko) Chrome/21.0.1180.89 Safari/537.1"
192.168.0.46 - - [24/Sep/2012:09:45:49 +0200] "GET /temps/4IF39.html HTTP/1.1" 304 - "http://intranet-if.insa-lyon.fr/temps/" "Mozilla/5.0 (Windows NT 6.1; WOW64) AppleWebKit/537.1 (KHTML, like Gecko) Chrome/21.0.1180.89 Safari/537.1"
192.168.9.247 - - [24/Sep/2012:09:46:35 +0200] "GET /temps/4IF3.ics HTTP/1.1" 304 - "-" "Mozilla/5.0 (Windows NT 6.1; rv:15.0) Gecko/20120907 Thunderbird/15.0.1 Lightning/1.7"
192.168.5.86 - - [24/Sep/2012:09:47:09 +0200] "GET /temps/ HTTP/1.1" 200 6835 "http://www.google.fr/url?sa=t&rct=j&q=emploi%20du%20temps%20if%20insa&source=web&cd=1&ved=0CCMQFjAA&url=http%3A%2F%2Fintranet-if.insa-lyon.fr%2Ftemps%2F&ei=-w9gUKKOBuG50QXT24CIDg&usg=AFQjCNEWrHsRdIlhli_31qYl94w-yMCjpw" "Mozilla/5.0 (Macintosh; Intel Mac OS X 10_8_1) AppleWebKit/536.25 (KHTML, like Gecko) Version/6.0 Safari/536.25"
192.168.5.86 - - [24/Sep/2012:09:47:09 +0200] "GET /temps/style_emploi_du_temps.css HTTP/1.1" 200 1216 "http://intranet-if.insa-lyon.fr/temps/" "Mozilla/5.0 (Macintosh; Intel Mac OS X 10_8_1) AppleWebKit/536.25 (KHTML, like Gecko) Version/6.0 Safari/536.25"
192.168.5.86 - - [24/Sep/2012:09:47:09 +0200] "GET /temps/FondInsa.jpg HTTP/1.1" 200 2828 "http://intranet-if.insa-lyon.fr/temps/" "Mozilla/5.0 (Macintosh; Intel Mac OS X 10_8_1) AppleWebKit/536.25 (KHTML, like Gecko) Version/6.0 Safari/536.25"
192.168.5.86 - - [24/Sep/2012:09:47:10 +0200] "GET /temps/3IF39.html HTTP/1.1" 200 21964 "http://intranet-if.insa-lyon.fr/temps/" "Mozilla/5.0 (Macintosh; Intel Mac OS X 10_8_1) AppleWebKit/536.25 (KHTML, like Gecko) Version/6.0 Safari/536.25"
192.168.5.86 - - [24/Sep/2012:09:47:10 +0200] "GET /temps/precedent.gif HTTP/1.1" 200 1906 "http://intranet-if.insa-lyon.fr/temps/3IF39.html" "Mozilla/5.0 (Macintosh; Intel Mac OS X 10_8_1) AppleWebKit/536.25 (KHTML, like Gecko) Version/6.0 Safari/536.25"
192.168.5.86 - - [24/Sep/2012:09:47:10 +0200] "GET /temps/choix.gif HTTP/1.1" 200 2836 "http://intranet-if.insa-lyon.fr/temps/3IF39.html" "Mozilla/5.0 (Macintosh; Intel Mac OS X 10_8_1) AppleWebKit/536.25 (KHTML, like Gecko) Version/6.0 Safari/536.25"
192.168.5.86 - - [24/Sep/2012:09:47:10 +0200] "GET /temps/suivant.gif HTTP/1.1" 200 1634 "http://intranet-if.insa-lyon.fr/temps/3IF39.html" "Mozilla/5.0 (Macintosh; Intel Mac OS X 10_8_1) AppleWebKit/536.25 (KHTML, like Gecko) Version/6.0 Safari/536.25"
192.168.5.86 - - [24/Sep/2012:09:47:17 +0200] "GET /temps/INSA.jpg HTTP/1.1" 200 184548 "http://intranet-if.insa-lyon.fr/temps/3IF39.html" "Mozilla/5.0 (Macintosh; Intel Mac OS X 10_8_1) AppleWebKit/536.25 (KHTML, like Gecko) Version/6.0 Safari/536.25"
192.168.5.86 - - [24/Sep/2012:09:47:17 +0200] "GET /favicon.ico HTTP/1.1" 200 1700 "http://intranet-if.insa-lyon.fr/temps/INSA.jpg" "Mozilla/5.0 (Macintosh; Intel Mac OS X 10_8_1) AppleWebKit/536.25 (KHTML, like Gecko) Version/6.0 Safari/536.25"
192.168.7.208 - - [24/Sep/2012:09:50:32 +0200] "GET /temps/4IF44.html HTTP/1.1" 200 5207 "-" "Mozilla/5.0 (compatible; Googlebot/2.1; +http://www.google.com/bot.html)"
192.168.10.141 - - [24/Sep/2012:09:50:36 +0200] "GET /SiteWebIF/Intranet-etudiant.php HTTP/1.1" 302 477 "http://if.insa-lyon.fr/" "Opera/9.80 (Android; Opera Mini/7.0.29952/28.2555; U; fr) Presto/2.8.119 Version/11.10"
192.168.5.101 - - [24/Sep/2012:09:50:40 +0200] "GET /wiki/doku.php HTTP/1.1" 401 401 "-" "Mozilla/5.0 (Windows NT 6.1; rv:10.0.2) Gecko/20100101 Firefox/10.0.2"
192.168.5.101 - - [24/Sep/2012:09:50:48 +0200] "GET /wiki/doku.php HTTP/1.1" 401 401 "-" "Mozilla/5.0 (Windows NT 6.1; rv:10.0.2) Gecko/20100101 Firefox/10.0.2"
192.168.10.141 - - [24/Sep/2012:09:51:02 +0200] "GET /SiteWebIF/Intranet-etudiant.php?ticket=ST-71965-EB7MvmcbcXrsqQJwCfrj-dsi-vm04 HTTP/1.1" 302 - "-" "Opera/9.80 (Android; Opera Mini/7.0.29952/28.2555; U; fr) Presto/2.8.119 Version/11.10"
192.168.5.101 - - [24/Sep/2012:09:51:01 +0200] "GET /wiki/doku.php HTTP/1.1" 200 10159 "-" "Mozilla/5.0 (Windows NT 6.1; rv:10.0.2) Gecko/20100101 Firefox/10.0.2"
192.168.10.141 - - [24/Sep/2012:09:51:02 +0200] "GET /SiteWebIF/Intranet-etudiant.php HTTP/1.1" 200 3835 "-" "Opera/9.80 (Android; Opera Mini/7.0.29952/28.2555; U; fr) Presto/2.8.119 Version/11.10"
192.168.5.101 - - [24/Sep/2012:09:51:02 +0200] "GET /wiki/lib/exe/css.php?t=monobook&tseed=1277975312 HTTP/1.1" 200 10409 "http://intranet-if.insa-lyon.fr:90/wiki/doku.php" "Mozilla/5.0 (Windows NT 6.1; rv:10.0.2) Gecko/20100101 Firefox/10.0.2"
192.168.5.101 - - [24/Sep/2012:09:51:02 +0200] "GET /wiki/lib/exe/js.php?tseed=1277975312 HTTP/1.1" 200 14638 "http://intranet-if.insa-lyon.fr:90/wiki/doku.php" "Mozilla/5.0 (Windows NT 6.1; rv:10.0.2) Gecko/20100101 Firefox/10.0.2"
192.168.5.101 - - [24/Sep/2012:09:51:02 +0200] "GET /wiki/lib/tpl/monobook/static/img/button-rss.png HTTP/1.1" 200 280 "http://intranet-if.insa-lyon.fr:90/wiki/doku.php" "Mozilla/5.0 (Windows NT 6.1; rv:10.0.2) Gecko/20100101 Firefox/10.0.2"
192.168.5.101 - - [24/Sep/2012:09:51:02 +0200] "GET /wiki/lib/tpl/monobook/static/img/button-monobook.png HTTP/1.1" 200 288 "http://intranet-if.insa-lyon.fr:90/wiki/doku.php" "Mozilla/5.0 (Windows NT 6.1; rv:10.0.2) Gecko/20100101 Firefox/10.0.2"
192.168.5.101 - - [24/Sep/2012:09:51:02 +0200] "GET /wiki/lib/tpl/monobook/static/img/button-dw.png HTTP/1.1" 200 427 "http://intranet-if.insa-lyon.fr:90/wiki/doku.php" "Mozilla/5.0 (Windows NT 6.1; rv:10.0.2) Gecko/20100101 Firefox/10.0.2"
192.168.5.101 - - [24/Sep/2012:09:51:02 +0200] "GET /wiki/lib/tpl/monobook/user/button-xhtml.png HTTP/1.1" 200 321 "http://intranet-if.insa-lyon.fr:90/wiki/doku.php" "Mozilla/5.0 (Windows NT 6.1; rv:10.0.2) Gecko/20100101 Firefox/10.0.2"
192.168.5.101 - - [24/Sep/2012:09:51:02 +0200] "GET /wiki/lib/exe/fetch.php?media=marmot.jpg HTTP/1.1" 200 113307 "http://intranet-if.insa-lyon.fr:90/wiki/doku.php" "Mozilla/5.0 (Windows NT 6.1; rv:10.0.2) Gecko/20100101 Firefox/10.0.2"
192.168.10.141 - - [24/Sep/2012:09:51:02 +0200] "GET /stages/InsaIF.ico HTTP/1.1" 200 766 "http://intranet-if.insa-lyon.fr/SiteWebIF/Intranet-etudiant.php" "Opera/9.80 (Android; Opera Mini/7.0.29952/28.2555; U; fr) Presto/2.8.119 Version/11.10"
192.168.5.101 - - [24/Sep/2012:09:51:02 +0200] "GET /wiki/lib/exe/indexer.php?id=start&1348473062 HTTP/1.1" 200 42 "http://intranet-if.insa-lyon.fr:90/wiki/doku.php" "Mozilla/5.0 (Windows NT 6.1; rv:10.0.2) Gecko/20100101 Firefox/10.0.2"
192.168.10.141 - - [24/Sep/2012:09:51:02 +0200] "GET /favicon.ico HTTP/1.1" 200 1700 "http://intranet-if.insa-lyon.fr/SiteWebIF/Intranet-etudiant.php" "Opera/9.80 (Android; Opera Mini/7.0.29952/28.2555; U; fr) Presto/2.8.119 Version/11.10"
192.168.5.101 - - [24/Sep/2012:09:51:02 +0200] "GET /wiki/lib/exe/css.php?s=all&t=monobook&tseed=1277975312 HTTP/1.1" 200 616 "http://intranet-if.insa-lyon.fr:90/wiki/doku.php" "Mozilla/5.0 (Windows NT 6.1; rv:10.0.2) Gecko/20100101 Firefox/10.0.2"
192.168.5.101 - - [24/Sep/2012:09:51:02 +0200] "GET /wiki/lib/exe/css.php?s=print&t=monobook&tseed=1277975312 HTTP/1.1" 200 2451 "http://intranet-if.insa-lyon.fr:90/wiki/doku.php" "Mozilla/5.0 (Windows NT 6.1; rv:10.0.2) Gecko/20100101 Firefox/10.0.2"
192.168.10.141 - - [24/Sep/2012:09:51:02 +0200] "GET /stages/style_pfe.css HTTP/1.1" 200 895 "http://intranet-if.insa-lyon.fr/SiteWebIF/Intranet-etudiant.php" "Opera/9.80 (Android; Opera Mini/7.0.29952/28.2555; U; fr) Presto/2.8.119 Version/11.10"
192.168.5.101 - - [24/Sep/2012:09:51:02 +0200] "GET /wiki/lib/tpl/monobook/static/3rd/monobook/headbg.jpg HTTP/1.1" 200 7881 "http://intranet-if.insa-lyon.fr:90/wiki/lib/exe/css.php?t=monobook&tseed=1277975312" "Mozilla/5.0 (Windows NT 6.1; rv:10.0.2) Gecko/20100101 Firefox/10.0.2"
192.168.5.101 - - [24/Sep/2012:09:51:02 +0200] "GET /wiki/lib/tpl/monobook/static/3rd/dokuwiki/favicon.ico HTTP/1.1" 200 7406 "-" "Mozilla/5.0 (Windows NT 6.1; rv:10.0.2) Gecko/20100101 Firefox/10.0.2"
192.168.5.101 - - [24/Sep/2012:09:51:02 +0200] "GET /wiki/lib/tpl/monobook/static/3rd/monobook/user.gif HTTP/1.1" 200 932 "http://intranet-if.insa-lyon.fr:90/wiki/lib/exe/css.php?t=monobook&tseed=1277975312" "Mozilla/5.0 (Windows NT 6.1; rv:10.0.2) Gecko/20100101 Firefox/10.0.2"
192.168.5.101 - - [24/Sep/2012:09:51:02 +0200] "GET /wiki/lib/tpl/monobook/static/3rd/dokuwiki/logo.png HTTP/1.1" 200 10660 "http://intranet-if.insa-lyon.fr:90/wiki/doku.php" "Mozilla/5.0 (Windows NT 6.1; rv:10.0.2) Gecko/20100101 Firefox/10.0.2"
192.168.5.101 - - [24/Sep/2012:09:51:02 +0200] "GET /wiki/lib/tpl/monobook/static/3rd/monobook/external.png HTTP/1.1" 200 165 "http://intranet-if.insa-lyon.fr:90/wiki/lib/exe/css.php?t=monobook&tseed=1277975312" "Mozilla/5.0 (Windows NT 6.1; rv:10.0.2) Gecko/20100101 Firefox/10.0.2"
192.168.5.101 - - [24/Sep/2012:09:51:02 +0200] "GET /wiki/lib/tpl/monobook/static/3rd/monobook/bullet.gif HTTP/1.1" 200 50 "http://intranet-if.insa-lyon.fr:90/wiki/lib/exe/css.php?t=monobook&tseed=1277975312" "Mozilla/5.0 (Windows NT 6.1; rv:10.0.2) Gecko/20100101 Firefox/10.0.2"
192.168.10.141 - - [24/Sep/2012:09:51:02 +0200] "GET /stages/bandeauFinal.jpg HTTP/1.1" 200 50390 "http://intranet-if.insa-lyon.fr/SiteWebIF/Intranet-etudiant.php" "Opera/9.80 (Android; Opera Mini/7.0.29952/28.2555; U; fr) Presto/2.8.119 Version/11.10"
192.168.10.141 - - [24/Sep/2012:09:51:03 +0200] "GET /stages/FondInsa.jpg HTTP/1.1" 200 2828 "http://intranet-if.insa-lyon.fr/SiteWebIF/Intranet-etudiant.php" "Opera/9.80 (Android; Opera Mini/7.0.29952/28.2555; U; fr) Presto/2.8.119 Version/11.10"
192.168.5.101 - - [24/Sep/2012:09:51:06 +0200] "GET /wiki/doku.php?id=comptes_etudiants HTTP/1.1" 200 10731 "http://intranet-if.insa-lyon.fr:90/wiki/doku.php" "Mozilla/5.0 (Windows NT 6.1; rv:10.0.2) Gecko/20100101 Firefox/10.0.2"
192.168.5.101 - - [24/Sep/2012:09:51:06 +0200] "GET /wiki/lib/exe/indexer.php?id=comptes_etudiants&1348473066 HTTP/1.1" 200 42 "http://intranet-if.insa-lyon.fr:90/wiki/doku.php?id=comptes_etudiants" "Mozilla/5.0 (Windows NT 6.1; rv:10.0.2) Gecko/20100101 Firefox/10.0.2"
192.168.5.101 - - [24/Sep/2012:09:51:09 +0200] "GET /wiki/doku.php?id=windows3 HTTP/1.1" 200 16465 "http://intranet-if.insa-lyon.fr:90/wiki/doku.php?id=comptes_etudiants" "Mozilla/5.0 (Windows NT 6.1; rv:10.0.2) Gecko/20100101 Firefox/10.0.2"
192.168.5.101 - - [24/Sep/2012:09:51:10 +0200] "GET /wiki/lib/exe/indexer.php?id=windows3&1348473070 HTTP/1.1" 200 42 "http://intranet-if.insa-lyon.fr:90/wiki/doku.php?id=windows3" "Mozilla/5.0 (Windows NT 6.1; rv:10.0.2) Gecko/20100101 Firefox/10.0.2"
192.168.10.141 - - [24/Sep/2012:09:51:13 +0200] "GET /temps/ HTTP/1.1" 200 6835 "http://intranet-if.insa-lyon.fr/SiteWebIF/Intranet-etudiant.php" "Opera/9.80 (Android; Opera Mini/7.0.29952/28.2555; U; fr) Presto/2.8.119 Version/11.10"
192.168.10.141 - - [24/Sep/2012:09:51:13 +0200] "GET /temps/InsaIF.ico HTTP/1.1" 200 766 "http://intranet-if.insa-lyon.fr/temps/" "Opera/9.80 (Android; Opera Mini/7.0.29952/28.2555; U; fr) Presto/2.8.119 Version/11.10"
192.168.10.141 - - [24/Sep/2012:09:51:13 +0200] "GET /temps/style_emploi_du_temps.css HTTP/1.1" 200 1216 "http://intranet-if.insa-lyon.fr/temps/" "Opera/9.80 (Android; Opera Mini/7.0.29952/28.2555; U; fr) Presto/2.8.119 Version/11.10"
192.168.10.141 - - [24/Sep/2012:09:51:13 +0200] "GET /temps/FondInsa.jpg HTTP/1.1" 200 2828 "http://intranet-if.insa-lyon.fr/temps/" "Opera/9.80 (Android; Opera Mini/7.0.29952/28.2555; U; fr) Presto/2.8.119 Version/11.10"
192.168.10.141 - - [24/Sep/2012:09:51:23 +0200] "GET /temps/3IF39.html HTTP/1.1" 200 21964 "http://intranet-if.insa-lyon.fr/temps/" "Opera/9.80 (Android; Opera Mini/7.0.29952/28.2555; U; fr) Presto/2.8.119 Version/11.10"
192.168.10.141 - - [24/Sep/2012:09:51:24 +0200] "GET /temps/choix.gif HTTP/1.1" 200 2836 "http://intranet-if.insa-lyon.fr/temps/3IF39.html" "Opera/9.80 (Android; Opera Mini/7.0.29952/28.2555; U; fr) Presto/2.8.119 Version/11.10"
192.168.10.141 - - [24/Sep/2012:09:51:24 +0200] "GET /temps/suivant.gif HTTP/1.1" 200 1634 "http://intranet-if.insa-lyon.fr/temps/3IF39.html" "Opera/9.80 (Android; Opera Mini/7.0.29952/28.2555; U; fr) Presto/2.8.119 Version/11.10"
192.168.10.141 - - [24/Sep/2012:09:51:24 +0200] "GET /temps/precedent.gif HTTP/1.1" 200 1906 "http://intranet-if.insa-lyon.fr/temps/3IF39.html" "Opera/9.80 (Android; Opera Mini/7.0.29952/28.2555; U; fr) Presto/2.8.119 Version/11.10"
192.168.1.92 - - [24/Sep/2012:09:51:45 +0200] "GET /temps/4IF4.ics HTTP/1.1" 304 - "-" "DataAccess/1.0 (8J2)"